Copyright 1986-2019 Xilinx, Inc. All Rights Reserved.
-----------------------------------------------------------------------------------------
| Tool Version : Vivado v.2019.2 (win64) Build 2708876 Wed Nov  6 21:40:23 MST 2019
| Date         : Fri Nov 13 17:27:04 2020
| Host         : DESKTOP-B3RT09T running 64-bit major release  (build 9200)
| Command      : report_control_sets -verbose -file Ethernet_Top_control_sets_placed.rpt
| Design       : Ethernet_Top
| Device       : xc7a200t
-----------------------------------------------------------------------------------------

Control Set Information

Table of Contents
-----------------
1. Summary
2. Histogram
3. Flip-Flop Distribution
4. Detailed Control Set Information

1. Summary
----------

+----------------------------------------------------------+-------+
|                          Status                          | Count |
+----------------------------------------------------------+-------+
| Total control sets                                       |   146 |
|    Minimum number of control sets                        |   146 |
|    Addition due to synthesis replication                 |     0 |
|    Addition due to physical synthesis replication        |     0 |
| Unused register locations in slices containing registers |   218 |
+----------------------------------------------------------+-------+
* Control sets can be merged at opt_design using control_set_merge or merge_equivalent_drivers
** Run report_qor_suggestions for automated merging and remapping suggestions


2. Histogram
------------

+--------------------+-------+
|       Fanout       | Count |
+--------------------+-------+
| Total control sets |   146 |
| >= 0 to < 4        |    13 |
| >= 4 to < 6        |    12 |
| >= 6 to < 8        |     2 |
| >= 8 to < 10       |    68 |
| >= 10 to < 12      |     4 |
| >= 12 to < 14      |     3 |
| >= 14 to < 16      |     1 |
| >= 16              |    43 |
+--------------------+-------+
* Control sets can be remapped at either synth_design or opt_design


3. Flip-Flop Distribution
-------------------------

+--------------+-----------------------+------------------------+-----------------+--------------+
| Clock Enable | Synchronous Set/Reset | Asynchronous Set/Reset | Total Registers | Total Slices |
+--------------+-----------------------+------------------------+-----------------+--------------+
| No           | No                    | No                     |              34 |           15 |
| No           | No                    | Yes                    |            1272 |          380 |
| No           | Yes                   | No                     |              18 |            8 |
| Yes          | No                    | No                     |               5 |            2 |
| Yes          | No                    | Yes                    |            1881 |          468 |
| Yes          | Yes                   | No                     |              92 |           25 |
+--------------+-----------------------+------------------------+-----------------+--------------+


4. Detailed Control Set Information
-----------------------------------

+---------------------------------------------------------+--------------------------------------------------------------------------------------------------------------------------------------------------------+--------------------------------------------------------------------------------------------------------------------------------------------------------------------------+------------------+----------------+
|                       Clock Signal                      |                                                                      Enable Signal                                                                     |                                                                             Set/Reset Signal                                                                             | Slice Load Count | Bel Load Count |
+---------------------------------------------------------+--------------------------------------------------------------------------------------------------------------------------------------------------------+--------------------------------------------------------------------------------------------------------------------------------------------------------------------------+------------------+----------------+
|  ethernet_test_inst/smi_config_inst/smi_inst/mdio_en__0 |                                                                                                                                                        |                                                                                                                                                                          |                1 |              1 |
|  RGMII2GMII_inst/gmii_tx_clk                            |                                                                                                                                                        | ethernet_test_inst/arbi_inst/rx_buffer_inst/rx_fifo/U0/inst_fifo_gen/gconvfifo.rf/grf.rf/rstblk/rst_d2                                                                   |                1 |              2 |
|  RGMII2GMII_inst/gmii_tx_clk                            |                                                                                                                                                        | ethernet_test_inst/arbi_inst/rx_buffer_inst/rx_fifo/U0/inst_fifo_gen/gconvfifo.rf/grf.rf/rstblk/AR[0]                                                                    |                1 |              2 |
|  RGMII2GMII_inst/gmii_tx_clk                            |                                                                                                                                                        | ethernet_test_inst/arbi_inst/tx_buffer_inst/tx_fifo/U0/inst_fifo_gen/gconvfifo.rf/grf.rf/rstblk/rst_d2                                                                   |                1 |              2 |
|  RGMII2GMII_inst/gmii_tx_clk                            |                                                                                                                                                        | ethernet_test_inst/arbi_inst/tx_buffer_inst/tx_fifo/U0/inst_fifo_gen/gconvfifo.rf/grf.rf/rstblk/AR[0]                                                                    |                1 |              2 |
|  RGMII2GMII_inst/gmii_tx_clk                            |                                                                                                                                                        | ethernet_test_inst/arbi_inst/rx_buffer_inst/rx_len_fifo/U0/inst_fifo_gen/gconvfifo.rf/grf.rf/rstblk/rst_d2                                                               |                1 |              2 |
|  RGMII2GMII_inst/gmii_tx_clk                            |                                                                                                                                                        | ethernet_test_inst/arbi_inst/rx_buffer_inst/rx_len_fifo/U0/inst_fifo_gen/gconvfifo.rf/grf.rf/rstblk/AR[0]                                                                |                1 |              2 |
|  RGMII2GMII_inst/gmii_tx_clk                            |                                                                                                                                                        | ethernet_test_inst/arbi_inst/tx_buffer_inst/tx_len_fifo/U0/inst_fifo_gen/gconvfifo.rf/grf.rf/rstblk/rst_d2                                                               |                1 |              2 |
|  RGMII2GMII_inst/gmii_tx_clk                            |                                                                                                                                                        | ethernet_test_inst/arbi_inst/tx_buffer_inst/tx_len_fifo/U0/inst_fifo_gen/gconvfifo.rf/grf.rf/rstblk/AR[0]                                                                |                1 |              2 |
|  RGMII2GMII_inst/gmii_tx_clk                            |                                                                                                                                                        | ethernet_test_inst/arbi_inst/rx_buffer_inst/rx_fifo/U0/inst_fifo_gen/gconvfifo.rf/grf.rf/rstblk/ngwrdrst.grst.g7serrst.gnsckt_wrst.rst_wr_reg2_inst/arststages_ff[1]     |                1 |              3 |
|  RGMII2GMII_inst/gmii_tx_clk                            |                                                                                                                                                        | ethernet_test_inst/arbi_inst/tx_buffer_inst/tx_fifo/U0/inst_fifo_gen/gconvfifo.rf/grf.rf/rstblk/ngwrdrst.grst.g7serrst.gnsckt_wrst.rst_wr_reg2_inst/arststages_ff[1]     |                1 |              3 |
|  RGMII2GMII_inst/gmii_tx_clk                            |                                                                                                                                                        | ethernet_test_inst/arbi_inst/rx_buffer_inst/rx_len_fifo/U0/inst_fifo_gen/gconvfifo.rf/grf.rf/rstblk/ngwrdrst.grst.g7serrst.gnsckt_wrst.rst_wr_reg2_inst/arststages_ff[1] |                1 |              3 |
|  RGMII2GMII_inst/gmii_tx_clk                            |                                                                                                                                                        | ethernet_test_inst/arbi_inst/tx_buffer_inst/tx_len_fifo/U0/inst_fifo_gen/gconvfifo.rf/grf.rf/rstblk/ngwrdrst.grst.g7serrst.gnsckt_wrst.rst_wr_reg2_inst/arststages_ff[1] |                1 |              3 |
|  RGMII2GMII_inst/gmii_tx_clk                            | ethernet_test_inst/mac_test0/mac_top0/mac_tx0/udp0/udp_tx_checksum/U0/inst_fifo_gen/gconvfifo.rf/grf.rf/gntv_or_sync_fifo.gl0.rd/grss.rsts/E[0]        | ethernet_test_inst/arbi_inst/e_rst_en_reg_0                                                                                                                              |                2 |              4 |
|  RGMII2GMII_inst/gmii_tx_clk                            | ethernet_test_inst/arbi_inst/rx_buffer_inst/rxd_high[3]_i_1_n_0                                                                                        | ethernet_test_inst/arbi_inst/e_rst_en_reg_0                                                                                                                              |                1 |              4 |
|  RGMII2GMII_inst/gmii_tx_clk                            | ethernet_test_inst/mac_test0/mac_top0/mac_rx0/ip0/header_length_buf0                                                                                   | ethernet_test_inst/arbi_inst/e_rst_en_reg_0                                                                                                                              |                2 |              4 |
|  RGMII2GMII_inst/gmii_tx_clk                            | ethernet_test_inst/arbi_inst/rx_buffer_inst/rxd_low[3]_i_1_n_0                                                                                         | ethernet_test_inst/arbi_inst/e_rst_en_reg_0                                                                                                                              |                1 |              4 |
|  RGMII2GMII_inst/gmii_tx_clk                            | ethernet_test_inst/mac_test0/mac_top0/mac_rx0/mac0/preamble_cnt[3]_i_1_n_0                                                                             | ethernet_test_inst/arbi_inst/e_rst_en_reg_0                                                                                                                              |                1 |              4 |
|  RGMII2GMII_inst/gmii_tx_clk                            | ethernet_test_inst/arbi_inst/tx_buffer_inst/p_0_in_0                                                                                                   | ethernet_test_inst/arbi_inst/e_rst_en_reg_0                                                                                                                              |                1 |              4 |
|  RGMII2GMII_inst/gmii_tx_clk                            | ethernet_test_inst/arbi_inst/tx_buffer_inst/tx_rden1                                                                                                   | ethernet_test_inst/arbi_inst/e_rst_en_reg_0                                                                                                                              |                2 |              4 |
|  clk_gen_inst/inst/clk_out1                             | ethernet_test_inst/smi_config_inst/smi_inst/read_cnt[4]_i_1_n_0                                                                                        | G_RESET_IBUF                                                                                                                                                             |                1 |              5 |
|  RGMII2GMII_inst/gmii_tx_clk                            | RGMII2GMII_inst/p_0_in                                                                                                                                 |                                                                                                                                                                          |                2 |              5 |
|  RGMII2GMII_inst/gmii_tx_clk                            | ethernet_test_inst/arbi_inst/rx_buffer_inst/rx_len_fifo/U0/inst_fifo_gen/gconvfifo.rf/grf.rf/gntv_or_sync_fifo.gl0.wr/gwss.wsts/ram_full_fb_i_reg_0[0] | ethernet_test_inst/arbi_inst/rx_buffer_inst/rx_len_fifo/U0/inst_fifo_gen/gconvfifo.rf/grf.rf/rstblk/AR[0]                                                                |                2 |              5 |
|  RGMII2GMII_inst/gmii_tx_clk                            | ethernet_test_inst/mac_test0/i[4]_i_1_n_0                                                                                                              | ethernet_test_inst/arbi_inst/e_rst_en_reg_0                                                                                                                              |                1 |              5 |
|  RGMII2GMII_inst/gmii_tx_clk                            | ethernet_test_inst/arbi_inst/tx_buffer_inst/tx_len_fifo/U0/inst_fifo_gen/gconvfifo.rf/grf.rf/gntv_or_sync_fifo.gl0.wr/gwss.wsts/ram_full_fb_i_reg_0[0] | ethernet_test_inst/arbi_inst/tx_buffer_inst/tx_len_fifo/U0/inst_fifo_gen/gconvfifo.rf/grf.rf/rstblk/AR[0]                                                                |                2 |              5 |
|  clk_gen_inst/inst/clk_out1                             | ethernet_test_inst/smi_config_inst/smi_inst/write_cnt[5]_i_1_n_0                                                                                       | G_RESET_IBUF                                                                                                                                                             |                2 |              6 |
|  RGMII2GMII_inst/gmii_tx_clk                            | ethernet_test_inst/arbi_inst/eth_1000m_en0                                                                                                             | G_RESET_IBUF                                                                                                                                                             |                2 |              7 |
|  RGMII2GMII_inst/gmii_tx_clk                            | ethernet_test_inst/mac_test0/mac_top0/mac_rx0/ip0/ip_rec_data_length1                                                                                  | ethernet_test_inst/arbi_inst/e_rst_en_reg_0                                                                                                                              |                2 |              8 |
|  RGMII2GMII_inst/gmii_tx_clk                            | ethernet_test_inst/mac_test0/mac_top0/mac_rx0/mac0/crc_rec[7]                                                                                          | ethernet_test_inst/arbi_inst/e_rst_en_reg_0                                                                                                                              |                2 |              8 |
|  RGMII2GMII_inst/gmii_tx_clk                            | ethernet_test_inst/mac_test0/mac_top0/mac_rx0/mac0/crc_check[23]                                                                                       | ethernet_test_inst/arbi_inst/e_rst_en_reg_0                                                                                                                              |                1 |              8 |
|  RGMII2GMII_inst/gmii_tx_clk                            | ethernet_test_inst/mac_test0/mac_top0/mac_rx0/mac0/crc_check[15]                                                                                       | ethernet_test_inst/arbi_inst/e_rst_en_reg_0                                                                                                                              |                2 |              8 |
|  RGMII2GMII_inst/gmii_tx_clk                            | ethernet_test_inst/mac_test0/mac_top0/mac_rx0/mac0/frame_type[3]                                                                                       | ethernet_test_inst/arbi_inst/e_rst_en_reg_0                                                                                                                              |                2 |              8 |
|  RGMII2GMII_inst/gmii_tx_clk                            | ethernet_test_inst/mac_test0/mac_top0/mac_rx0/mac0/frame_type[11]                                                                                      | ethernet_test_inst/arbi_inst/e_rst_en_reg_0                                                                                                                              |                3 |              8 |
|  RGMII2GMII_inst/gmii_tx_clk                            | ethernet_test_inst/mac_test0/mac_top0/mac_rx0/ip0/ip_rec_destination_addr[23]_i_1_n_0                                                                  | ethernet_test_inst/arbi_inst/e_rst_en_reg_0                                                                                                                              |                2 |              8 |
|  RGMII2GMII_inst/gmii_tx_clk                            | ethernet_test_inst/mac_test0/mac_top0/mac_rx0/ip0/ip_rec_destination_addr[31]_i_1_n_0                                                                  | ethernet_test_inst/arbi_inst/e_rst_en_reg_0                                                                                                                              |                2 |              8 |
|  RGMII2GMII_inst/gmii_tx_clk                            | ethernet_test_inst/mac_test0/mac_top0/mac_rx0/ip0/ip_rec_destination_addr[7]_i_1_n_0                                                                   | ethernet_test_inst/arbi_inst/e_rst_en_reg_0                                                                                                                              |                1 |              8 |
|  RGMII2GMII_inst/gmii_tx_clk                            | ethernet_test_inst/mac_test0/mac_top0/mac_rx0/ip0/ip_rec_source_addr[23]_i_1_n_0                                                                       | ethernet_test_inst/arbi_inst/e_rst_en_reg_0                                                                                                                              |                2 |              8 |
|  RGMII2GMII_inst/gmii_tx_clk                            | ethernet_test_inst/mac_test0/mac_top0/mac_rx0/ip0/ip_rec_destination_addr[15]_i_1_n_0                                                                  | ethernet_test_inst/arbi_inst/e_rst_en_reg_0                                                                                                                              |                2 |              8 |
|  RGMII2GMII_inst/gmii_tx_clk                            | ethernet_test_inst/mac_test0/mac_top0/mac_rx0/ip0/ip_rec_source_addr[31]_i_1_n_0                                                                       | ethernet_test_inst/arbi_inst/e_rst_en_reg_0                                                                                                                              |                2 |              8 |
|  RGMII2GMII_inst/gmii_tx_clk                            | ethernet_test_inst/mac_test0/mac_top0/mac_rx0/ip0/ip_rec_source_addr[7]_i_1_n_0                                                                        | ethernet_test_inst/arbi_inst/e_rst_en_reg_0                                                                                                                              |                1 |              8 |
|  RGMII2GMII_inst/gmii_tx_clk                            | ethernet_test_inst/mac_test0/mac_top0/mac_rx0/ip0/ip_rec_source_addr[15]_i_1_n_0                                                                       | ethernet_test_inst/arbi_inst/e_rst_en_reg_0                                                                                                                              |                2 |              8 |
|  RGMII2GMII_inst/gmii_tx_clk                            | ethernet_test_inst/mac_test0/mac_top0/mac_rx0/ip0/ip_rec_data_length[7]_i_1_n_0                                                                        | ethernet_test_inst/arbi_inst/e_rst_en_reg_0                                                                                                                              |                2 |              8 |
|  RGMII2GMII_inst/gmii_tx_clk                            | ethernet_test_inst/mac_test0/mac_top0/mac_tx0/mac0/mac_tx_data_tmp[7]_i_1_n_0                                                                          | ethernet_test_inst/arbi_inst/e_rst_en_reg_0                                                                                                                              |                2 |              8 |
|  RGMII2GMII_inst/gmii_tx_clk                            | ethernet_test_inst/mac_test0/mac_top0/mac_rx0/ip0/net_protocol0                                                                                        | ethernet_test_inst/arbi_inst/e_rst_en_reg_0                                                                                                                              |                2 |              8 |
|  RGMII2GMII_inst/gmii_tx_clk                            | ethernet_test_inst/mac_test0/mac_top0/icmp0/icmp_seq[15]_i_1_n_0                                                                                       | ethernet_test_inst/arbi_inst/e_rst_en_reg_0                                                                                                                              |                3 |              8 |
|  RGMII2GMII_inst/gmii_tx_clk                            | ethernet_test_inst/mac_test0/mac_top0/mac_tx0/udp0/udp_tx_checksum/U0/inst_fifo_gen/gconvfifo.rf/grf.rf/gntv_or_sync_fifo.gl0.rd/grss.rsts/rd_en_0[0]  | ethernet_test_inst/arbi_inst/e_rst_en_reg_0                                                                                                                              |                2 |              8 |
|  RGMII2GMII_inst/gmii_tx_clk                            | ethernet_test_inst/mac_test0/mac_top0/mac_tx0/udp0/udp_tx_checksum/U0/inst_fifo_gen/gconvfifo.rf/grf.rf/gntv_or_sync_fifo.gl0.wr/gwss.wsts/E[0]        | ethernet_test_inst/arbi_inst/e_rst_en_reg_0                                                                                                                              |                2 |              8 |
|  RGMII2GMII_inst/gmii_tx_clk                            | ethernet_test_inst/mac_test0/mac_top0/mac_rx0/mac0/crc_check[31]                                                                                       | ethernet_test_inst/arbi_inst/e_rst_en_reg_0                                                                                                                              |                1 |              8 |
|  RGMII2GMII_inst/gmii_tx_clk                            | ethernet_test_inst/mac_test0/mac_top0/mac_rx0/arp0/arp_rec_destination_ip_addr[7]_i_1_n_0                                                              | ethernet_test_inst/arbi_inst/e_rst_en_reg_0                                                                                                                              |                1 |              8 |
|  RGMII2GMII_inst/gmii_tx_clk                            | ethernet_test_inst/mac_test0/mac_top0/mac_rx0/arp0/arp_rec_destination_ip_addr[15]_i_1_n_0                                                             | ethernet_test_inst/arbi_inst/e_rst_en_reg_0                                                                                                                              |                2 |              8 |
|  RGMII2GMII_inst/gmii_tx_clk                            | ethernet_test_inst/mac_test0/mac_top0/mac_rx0/arp0/arp_rec_destination_ip_addr[23]_i_1_n_0                                                             | ethernet_test_inst/arbi_inst/e_rst_en_reg_0                                                                                                                              |                2 |              8 |
|  RGMII2GMII_inst/gmii_tx_clk                            | ethernet_test_inst/mac_test0/mac_top0/mac_rx0/arp0/arp_rec_destination_ip_addr18_out                                                                   | ethernet_test_inst/arbi_inst/e_rst_en_reg_0                                                                                                                              |                1 |              8 |
|  RGMII2GMII_inst/gmii_tx_clk                            | ethernet_test_inst/mac_test0/mac_top0/mac_rx0/arp0/arp_rec_destination_mac_addr[39]_i_1_n_0                                                            | ethernet_test_inst/arbi_inst/e_rst_en_reg_0                                                                                                                              |                3 |              8 |
|  RGMII2GMII_inst/gmii_tx_clk                            | ethernet_test_inst/mac_test0/mac_top0/mac_rx0/arp0/arp_rec_source_mac_addr[31]_i_1_n_0                                                                 | ethernet_test_inst/arbi_inst/e_rst_en_reg_0                                                                                                                              |                1 |              8 |
|  RGMII2GMII_inst/gmii_tx_clk                            | ethernet_test_inst/mac_test0/mac_top0/mac_rx0/arp0/arp_rec_destination_mac_addr[15]_i_1_n_0                                                            | ethernet_test_inst/arbi_inst/e_rst_en_reg_0                                                                                                                              |                2 |              8 |
|  RGMII2GMII_inst/gmii_tx_clk                            | ethernet_test_inst/mac_test0/mac_top0/mac_rx0/arp0/arp_rec_source_ip_addr[15]_i_1_n_0                                                                  | ethernet_test_inst/arbi_inst/e_rst_en_reg_0                                                                                                                              |                1 |              8 |
|  RGMII2GMII_inst/gmii_tx_clk                            | ethernet_test_inst/mac_test0/mac_top0/mac_rx0/arp0/arp_rec_source_mac_addr[23]_i_1_n_0                                                                 | ethernet_test_inst/arbi_inst/e_rst_en_reg_0                                                                                                                              |                1 |              8 |
|  RGMII2GMII_inst/gmii_tx_clk                            | ethernet_test_inst/mac_test0/mac_top0/mac_rx0/arp0/arp_rec_op[7]_i_1_n_0                                                                               | ethernet_test_inst/arbi_inst/e_rst_en_reg_0                                                                                                                              |                2 |              8 |
|  RGMII2GMII_inst/gmii_tx_clk                            | ethernet_test_inst/mac_test0/mac_top0/mac_rx0/arp0/arp_rec_op1                                                                                         | ethernet_test_inst/arbi_inst/e_rst_en_reg_0                                                                                                                              |                2 |              8 |
|  RGMII2GMII_inst/gmii_tx_clk                            | ethernet_test_inst/mac_test0/mac_top0/mac_rx0/arp0/arp_rec_source_mac_addr[39]_i_1_n_0                                                                 | ethernet_test_inst/arbi_inst/e_rst_en_reg_0                                                                                                                              |                1 |              8 |
|  RGMII2GMII_inst/gmii_tx_clk                            | ethernet_test_inst/mac_test0/mac_top0/mac_rx0/arp0/arp_rec_destination_mac_addr[23]_i_1_n_0                                                            | ethernet_test_inst/arbi_inst/e_rst_en_reg_0                                                                                                                              |                1 |              8 |
|  RGMII2GMII_inst/gmii_tx_clk                            | ethernet_test_inst/mac_test0/mac_top0/mac_rx0/arp0/arp_rec_source_ip_addr[23]_i_1_n_0                                                                  | ethernet_test_inst/arbi_inst/e_rst_en_reg_0                                                                                                                              |                2 |              8 |
|  RGMII2GMII_inst/gmii_tx_clk                            | ethernet_test_inst/mac_test0/mac_top0/mac_rx0/arp0/arp_rec_source_mac_addr[7]_i_1_n_0                                                                  | ethernet_test_inst/arbi_inst/e_rst_en_reg_0                                                                                                                              |                1 |              8 |
|  RGMII2GMII_inst/gmii_tx_clk                            | ethernet_test_inst/mac_test0/mac_top0/mac_rx0/arp0/arp_rec_source_ip_addr[7]_i_1_n_0                                                                   | ethernet_test_inst/arbi_inst/e_rst_en_reg_0                                                                                                                              |                2 |              8 |
|  RGMII2GMII_inst/gmii_tx_clk                            | ethernet_test_inst/mac_test0/mac_top0/mac_rx0/arp0/arp_rec_source_ip_addr124_out                                                                       | ethernet_test_inst/arbi_inst/e_rst_en_reg_0                                                                                                                              |                2 |              8 |
|  RGMII2GMII_inst/gmii_tx_clk                            | ethernet_test_inst/mac_test0/mac_top0/mac_rx0/arp0/arp_rec_source_mac_addr134_out                                                                      | ethernet_test_inst/arbi_inst/e_rst_en_reg_0                                                                                                                              |                2 |              8 |
|  RGMII2GMII_inst/gmii_tx_clk                            | ethernet_test_inst/mac_test0/mac_top0/mac_rx0/arp0/arp_rec_source_mac_addr[15]_i_1_n_0                                                                 | ethernet_test_inst/arbi_inst/e_rst_en_reg_0                                                                                                                              |                4 |              8 |
|  RGMII2GMII_inst/gmii_tx_clk                            | ethernet_test_inst/mac_test0/mac_top0/mac_rx0/arp0/arp_rec_destination_mac_addr[7]_i_1_n_0                                                             | ethernet_test_inst/arbi_inst/e_rst_en_reg_0                                                                                                                              |                2 |              8 |
|  RGMII2GMII_inst/gmii_tx_clk                            | ethernet_test_inst/mac_test0/mac_top0/mac_rx0/arp0/arp_rec_destination_mac_addr118_out                                                                 | ethernet_test_inst/arbi_inst/e_rst_en_reg_0                                                                                                                              |                2 |              8 |
|  RGMII2GMII_inst/gmii_tx_clk                            | ethernet_test_inst/mac_test0/mac_top0/mac_rx0/arp0/arp_rec_destination_mac_addr[31]_i_1_n_0                                                            | ethernet_test_inst/arbi_inst/e_rst_en_reg_0                                                                                                                              |                2 |              8 |
|  RGMII2GMII_inst/gmii_tx_clk                            | ethernet_test_inst/mac_test0/mac_top0/icmp0/icmp_code[7]_i_1_n_0                                                                                       | ethernet_test_inst/arbi_inst/e_rst_en_reg_0                                                                                                                              |                2 |              8 |
|  RGMII2GMII_inst/gmii_tx_clk                            | ethernet_test_inst/mac_test0/mac_top0/icmp0/icmp_id[7]_i_1_n_0                                                                                         | ethernet_test_inst/arbi_inst/e_rst_en_reg_0                                                                                                                              |                2 |              8 |
|  RGMII2GMII_inst/gmii_tx_clk                            | ethernet_test_inst/mac_test0/mac_top0/icmp0/icmp_seq[7]_i_1_n_0                                                                                        | ethernet_test_inst/arbi_inst/e_rst_en_reg_0                                                                                                                              |                2 |              8 |
|  RGMII2GMII_inst/gmii_tx_clk                            | ethernet_test_inst/arbi_inst/rx_buffer_inst/rx_wdata[7]_i_1_n_0                                                                                        | ethernet_test_inst/arbi_inst/e_rst_en_reg_0                                                                                                                              |                1 |              8 |
|  RGMII2GMII_inst/gmii_tx_clk                            | ethernet_test_inst/mac_test0/mac_top0/icmp0/p_0_in                                                                                                     | ethernet_test_inst/arbi_inst/e_rst_en_reg_0                                                                                                                              |                2 |              8 |
|  RGMII2GMII_inst/gmii_tx_clk                            | ethernet_test_inst/mac_test0/mac_top0/mac_rx0/mac0/preamble[31]_i_1_n_0                                                                                | ethernet_test_inst/arbi_inst/e_rst_en_reg_0                                                                                                                              |                2 |              8 |
|  RGMII2GMII_inst/gmii_tx_clk                            | ethernet_test_inst/mac_test0/mac_top0/mac_rx0/mac0/preamble[39]_i_1_n_0                                                                                | ethernet_test_inst/arbi_inst/e_rst_en_reg_0                                                                                                                              |                1 |              8 |
|  RGMII2GMII_inst/gmii_tx_clk                            | ethernet_test_inst/mac_test0/mac_top0/mac_rx0/mac0/mac_rx_destination_mac_addr[39]_i_1_n_0                                                             | ethernet_test_inst/arbi_inst/e_rst_en_reg_0                                                                                                                              |                2 |              8 |
|  RGMII2GMII_inst/gmii_tx_clk                            | ethernet_test_inst/mac_test0/mac_top0/mac_rx0/mac0/preamble[23]_i_1_n_0                                                                                | ethernet_test_inst/arbi_inst/e_rst_en_reg_0                                                                                                                              |                2 |              8 |
|  RGMII2GMII_inst/gmii_tx_clk                            | ethernet_test_inst/mac_test0/mac_top0/mac_rx0/mac0/preamble[15]_i_1_n_0                                                                                | ethernet_test_inst/arbi_inst/e_rst_en_reg_0                                                                                                                              |                1 |              8 |
|  RGMII2GMII_inst/gmii_tx_clk                            | ethernet_test_inst/mac_test0/mac_top0/mac_rx0/mac0/preamble[63]_i_1_n_0                                                                                | ethernet_test_inst/arbi_inst/e_rst_en_reg_0                                                                                                                              |                1 |              8 |
|  RGMII2GMII_inst/gmii_tx_clk                            | ethernet_test_inst/mac_test0/mac_top0/mac_rx0/mac0/mac_rx_destination_mac_addr[15]_i_1_n_0                                                             | ethernet_test_inst/arbi_inst/e_rst_en_reg_0                                                                                                                              |                2 |              8 |
|  RGMII2GMII_inst/gmii_tx_clk                            | ethernet_test_inst/mac_test0/mac_top0/mac_rx0/mac0/preamble[55]_i_1_n_0                                                                                | ethernet_test_inst/arbi_inst/e_rst_en_reg_0                                                                                                                              |                2 |              8 |
|  RGMII2GMII_inst/gmii_tx_clk                            | ethernet_test_inst/mac_test0/mac_top0/mac_rx0/mac0/mac_rx_destination_mac_addr[7]_i_1_n_0                                                              | ethernet_test_inst/arbi_inst/e_rst_en_reg_0                                                                                                                              |                3 |              8 |
|  RGMII2GMII_inst/gmii_tx_clk                            | ethernet_test_inst/mac_test0/mac_top0/mac_rx0/mac0/preamble[47]_i_1_n_0                                                                                | ethernet_test_inst/arbi_inst/e_rst_en_reg_0                                                                                                                              |                2 |              8 |
|  RGMII2GMII_inst/gmii_tx_clk                            | ethernet_test_inst/mac_test0/mac_top0/mac_rx0/mac0/preamble[7]_i_1_n_0                                                                                 | ethernet_test_inst/arbi_inst/e_rst_en_reg_0                                                                                                                              |                1 |              8 |
|  RGMII2GMII_inst/gmii_tx_clk                            | ethernet_test_inst/mac_test0/mac_top0/mac_rx0/mac0/mac_rx_destination_mac_addr[31]_i_1_n_0                                                             | ethernet_test_inst/arbi_inst/e_rst_en_reg_0                                                                                                                              |                2 |              8 |
|  RGMII2GMII_inst/gmii_tx_clk                            | ethernet_test_inst/mac_test0/mac_top0/mac_rx0/mac0/mac_rx_destination_mac_addr[23]_i_1_n_0                                                             | ethernet_test_inst/arbi_inst/e_rst_en_reg_0                                                                                                                              |                1 |              8 |
|  RGMII2GMII_inst/gmii_tx_clk                            | ethernet_test_inst/mac_test0/mac_top0/mac_rx0/mac0/mac_rx_destination_mac_addr[47]_i_1_n_0                                                             | ethernet_test_inst/arbi_inst/e_rst_en_reg_0                                                                                                                              |                1 |              8 |
|  RGMII2GMII_inst/gmii_tx_clk                            | ethernet_test_inst/mac_test0/mac_top0/mac_rx0/mac0/crc_rec[23]                                                                                         | ethernet_test_inst/arbi_inst/e_rst_en_reg_0                                                                                                                              |                1 |              8 |
|  RGMII2GMII_inst/gmii_tx_clk                            | ethernet_test_inst/mac_test0/mac_top0/mac_rx0/mac0/crc_check[7]                                                                                        | ethernet_test_inst/arbi_inst/e_rst_en_reg_0                                                                                                                              |                1 |              8 |
|  RGMII2GMII_inst/gmii_tx_clk                            | ethernet_test_inst/mac_test0/mac_top0/mac_rx0/mac0/crc_rec[15]                                                                                         | ethernet_test_inst/arbi_inst/e_rst_en_reg_0                                                                                                                              |                1 |              8 |
|  RGMII2GMII_inst/gmii_tx_clk                            | ethernet_test_inst/mac_test0/mac_top0/mac_rx0/mac0/crc_rec[31]                                                                                         | ethernet_test_inst/arbi_inst/e_rst_en_reg_0                                                                                                                              |                2 |              8 |
|  RGMII2GMII_inst/gmii_tx_clk                            |                                                                                                                                                        | RGMII2GMII_inst/rx_reset_sync                                                                                                                                            |                3 |              9 |
|  RGMII2GMII_inst/gmii_tx_clk                            | ethernet_test_inst/mac_test0/j                                                                                                                         | ethernet_test_inst/arbi_inst/e_rst_en_reg_0                                                                                                                              |                3 |              9 |
|  RGMII2GMII_inst/gmii_tx_clk                            | ethernet_test_inst/arbi_inst/tx_buffer_inst/tx_len_fifo/U0/inst_fifo_gen/gconvfifo.rf/grf.rf/gntv_or_sync_fifo.gl0.wr/gwss.wsts/E[0]                   | ethernet_test_inst/arbi_inst/tx_buffer_inst/tx_len_fifo/U0/inst_fifo_gen/gconvfifo.rf/grf.rf/rstblk/AR[0]                                                                |                3 |             10 |
|  RGMII2GMII_inst/gmii_tx_clk                            | ethernet_test_inst/arbi_inst/rx_buffer_inst/rx_len_fifo/U0/inst_fifo_gen/gconvfifo.rf/grf.rf/gntv_or_sync_fifo.gl0.rd/grss.rsts/E[0]                   | ethernet_test_inst/arbi_inst/rx_buffer_inst/rx_len_fifo/U0/inst_fifo_gen/gconvfifo.rf/grf.rf/rstblk/AR[0]                                                                |                3 |             10 |
|  RGMII2GMII_inst/gmii_tx_clk                            | ethernet_test_inst/arbi_inst/rx_buffer_inst/rx_len_fifo/U0/inst_fifo_gen/gconvfifo.rf/grf.rf/gntv_or_sync_fifo.gl0.wr/gwss.wsts/E[0]                   | ethernet_test_inst/arbi_inst/rx_buffer_inst/rx_len_fifo/U0/inst_fifo_gen/gconvfifo.rf/grf.rf/rstblk/AR[0]                                                                |                3 |             10 |
|  RGMII2GMII_inst/gmii_tx_clk                            | ethernet_test_inst/arbi_inst/tx_buffer_inst/tx_len_fifo/U0/inst_fifo_gen/gconvfifo.rf/grf.rf/gntv_or_sync_fifo.gl0.rd/grss.rsts/E[0]                   | ethernet_test_inst/arbi_inst/tx_buffer_inst/tx_len_fifo/U0/inst_fifo_gen/gconvfifo.rf/grf.rf/rstblk/AR[0]                                                                |                2 |             10 |
|  RGMII2GMII_inst/gmii_tx_clk                            | ethernet_test_inst/arbi_inst/tx_buffer_inst/tx_fifo/U0/inst_fifo_gen/gconvfifo.rf/grf.rf/gntv_or_sync_fifo.gl0.wr/gwss.wsts/cntr_en                    | ethernet_test_inst/arbi_inst/tx_buffer_inst/tx_fifo/U0/inst_fifo_gen/gconvfifo.rf/grf.rf/rstblk/AR[0]                                                                    |                3 |             12 |
|  RGMII2GMII_inst/gmii_tx_clk                            | ethernet_test_inst/arbi_inst/rx_buffer_inst/rx_fifo/U0/inst_fifo_gen/gconvfifo.rf/grf.rf/gntv_or_sync_fifo.gl0.wr/gwss.wsts/cntr_en                    | ethernet_test_inst/arbi_inst/rx_buffer_inst/rx_fifo/U0/inst_fifo_gen/gconvfifo.rf/grf.rf/rstblk/AR[0]                                                                    |                3 |             12 |
|  RGMII2GMII_inst/gmii_tx_clk                            | ethernet_test_inst/mac_test0/mac_top0/mac_tx0/udp0/tx_data_fifo/U0/inst_fifo_gen/gconvfifo.rf/grf.rf/gntv_or_sync_fifo.gl0.wr/gwss.wsts/cntr_en        | ethernet_test_inst/arbi_inst/e_rst_en_reg_0                                                                                                                              |                3 |             12 |
|  RGMII2GMII_inst/gmii_tx_clk                            | ethernet_test_inst/arbi_inst/rx_buffer_inst/rx_cnt                                                                                                     | ethernet_test_inst/arbi_inst/e_rst_en_reg_0                                                                                                                              |                6 |             15 |
|  RGMII2GMII_inst/gmii_tx_clk                            | ethernet_test_inst/mac_test0/mac_top0/mac_rx0/udp0/udp_data_length                                                                                     | ethernet_test_inst/arbi_inst/e_rst_en_reg_0                                                                                                                              |                5 |             16 |
|  RGMII2GMII_inst/gmii_tx_clk                            | ethernet_test_inst/mac_test0/mac_top0/mac_rx0/ip0/check_out[15]_i_1__1_n_0                                                                             | ethernet_test_inst/arbi_inst/e_rst_en_reg_0                                                                                                                              |                4 |             16 |
|  RGMII2GMII_inst/gmii_tx_clk                            | ethernet_test_inst/mac_test0/mac_top0/mac_rx0/udp0/udp_rec_data_length[15]_i_1_n_0                                                                     | ethernet_test_inst/arbi_inst/e_rst_en_reg_0                                                                                                                              |                7 |             16 |
|  RGMII2GMII_inst/gmii_tx_clk                            | ethernet_test_inst/mac_test0/mac_top0/mac_rx0/ip0/ip_total_data_length[15]_i_1_n_0                                                                     | ethernet_test_inst/arbi_inst/e_rst_en_reg_0                                                                                                                              |                4 |             16 |
|  RGMII2GMII_inst/gmii_tx_clk                            | ethernet_test_inst/arbi_inst/rx_buffer_inst/rx_cnt[0]_i_1_n_0                                                                                          | ethernet_test_inst/arbi_inst/e_rst_en_reg_0                                                                                                                              |                4 |             16 |
|  RGMII2GMII_inst/gmii_tx_clk                            | ethernet_test_inst/mac_test0/mac_top0/mac_tx0/ip0/ip_tx_end                                                                                            | ethernet_test_inst/arbi_inst/e_rst_en_reg_0                                                                                                                              |                4 |             16 |
|  RGMII2GMII_inst/gmii_tx_clk                            | ethernet_test_inst/mac_test0/mac_top0/mac_tx0/udp0/checksum_udp_len0                                                                                   | ethernet_test_inst/arbi_inst/e_rst_en_reg_0                                                                                                                              |                5 |             16 |
|  RGMII2GMII_inst/gmii_tx_clk                            | ethernet_test_inst/mac_test0/mac_top0/mac_tx0/ip0/p_0_in                                                                                               | ethernet_test_inst/arbi_inst/e_rst_en_reg_0                                                                                                                              |                7 |             16 |
|  RGMII2GMII_inst/gmii_tx_clk                            | ethernet_test_inst/mac_test0/mac_top0/mac_tx0/udp0/checkout_buf                                                                                        | ethernet_test_inst/arbi_inst/e_rst_en_reg_0                                                                                                                              |                5 |             16 |
|  RGMII2GMII_inst/gmii_tx_clk                            | ethernet_test_inst/mac_test0/mac_top0/icmp0/icmp_data_length                                                                                           | ethernet_test_inst/arbi_inst/e_rst_en_reg_0                                                                                                                              |                6 |             16 |
|  RGMII2GMII_inst/gmii_tx_clk                            | ethernet_test_inst/mac_test0/gmii_tx_en_reg_0                                                                                                          | ethernet_test_inst/arbi_inst/e_rst_en_reg_0                                                                                                                              |                4 |             16 |
|  RGMII2GMII_inst/gmii_tx_clk                            | ethernet_test_inst/mac_test0/mac_top0/icmp0/reply_checkout_buf[15]_i_1_n_0                                                                             | ethernet_test_inst/arbi_inst/e_rst_en_reg_0                                                                                                                              |                4 |             16 |
|  clk_gen_inst/inst/clk_out1                             | ethernet_test_inst/smi_config_inst/smi_inst/read_data[15]_i_1_n_0                                                                                      | G_RESET_IBUF                                                                                                                                                             |                3 |             16 |
|  RGMII2GMII_inst/gmii_tx_clk                            | ethernet_test_inst/arbi_inst/tx_buffer_inst/pack_len[16]_i_1_n_0                                                                                       | ethernet_test_inst/arbi_inst/e_rst_en_reg_0                                                                                                                              |                3 |             16 |
|  RGMII2GMII_inst/gmii_tx_clk                            |                                                                                                                                                        | G_RESET_IBUF                                                                                                                                                             |                8 |             18 |
|  RGMII2GMII_inst/gmii_tx_clk                            | ethernet_test_inst/arbi_inst/e_rx_dv_i_1_n_0                                                                                                           | G_RESET_IBUF                                                                                                                                                             |                4 |             18 |
|  RGMII2GMII_inst/gmii_tx_clk                            | ethernet_test_inst/arbi_inst/tx_buffer_inst/tx_fifo/U0/inst_fifo_gen/gconvfifo.rf/grf.rf/gntv_or_sync_fifo.gl0.rd/grss.rsts/E[0]                       | ethernet_test_inst/arbi_inst/tx_buffer_inst/tx_fifo/U0/inst_fifo_gen/gconvfifo.rf/grf.rf/rstblk/AR[0]                                                                    |                5 |             24 |
|  RGMII2GMII_inst/gmii_tx_clk                            | ethernet_test_inst/arbi_inst/rx_buffer_inst/rx_fifo/U0/inst_fifo_gen/gconvfifo.rf/grf.rf/gntv_or_sync_fifo.gl0.rd/grss.rsts/E[0]                       | ethernet_test_inst/arbi_inst/rx_buffer_inst/rx_fifo/U0/inst_fifo_gen/gconvfifo.rf/grf.rf/rstblk/AR[0]                                                                    |                7 |             24 |
|  RGMII2GMII_inst/gmii_tx_clk                            | ethernet_test_inst/arbi_inst/rx_buffer_inst/rx_fifo/U0/inst_fifo_gen/gconvfifo.rf/grf.rf/gntv_or_sync_fifo.gl0.wr/gwss.wsts/E[0]                       | ethernet_test_inst/arbi_inst/rx_buffer_inst/rx_fifo/U0/inst_fifo_gen/gconvfifo.rf/grf.rf/rstblk/AR[0]                                                                    |                5 |             24 |
|  RGMII2GMII_inst/gmii_tx_clk                            | ethernet_test_inst/mac_test0/mac_top0/mac_tx0/udp0/tx_data_fifo/U0/inst_fifo_gen/gconvfifo.rf/grf.rf/gntv_or_sync_fifo.gl0.rd/grss.rsts/ram_rd_en      | ethernet_test_inst/arbi_inst/e_rst_en_reg_0                                                                                                                              |                6 |             24 |
|  RGMII2GMII_inst/gmii_tx_clk                            | ethernet_test_inst/arbi_inst/tx_buffer_inst/tx_fifo/U0/inst_fifo_gen/gconvfifo.rf/grf.rf/gntv_or_sync_fifo.gl0.wr/gwss.wsts/E[0]                       | ethernet_test_inst/arbi_inst/tx_buffer_inst/tx_fifo/U0/inst_fifo_gen/gconvfifo.rf/grf.rf/rstblk/AR[0]                                                                    |                5 |             24 |
|  RGMII2GMII_inst/gmii_tx_clk                            | ethernet_test_inst/mac_test0/mac_top0/mac_rx0/ip0/checksum_tmp0                                                                                        | ethernet_test_inst/arbi_inst/e_rst_en_reg_0                                                                                                                              |                8 |             32 |
|  RGMII2GMII_inst/gmii_tx_clk                            | ethernet_test_inst/mac_test0/mac_top0/mac_rx0/mac0/E[0]                                                                                                | ethernet_test_inst/mac_test0/mac_top0/mac_rx0/mac0/AS[0]                                                                                                                 |               10 |             32 |
|  RGMII2GMII_inst/gmii_tx_clk                            | ethernet_test_inst/mac_test0/mac_top0/mac_rx0/udp0/check_out                                                                                           | ethernet_test_inst/arbi_inst/e_rst_en_reg_0                                                                                                                              |                5 |             32 |
|  RGMII2GMII_inst/gmii_tx_clk                            | ethernet_test_inst/mac_test0/mac_top0/icmp0/checksum_tmp[31]_i_1__0_n_0                                                                                | ethernet_test_inst/arbi_inst/e_rst_en_reg_0                                                                                                                              |               11 |             32 |
|  RGMII2GMII_inst/gmii_tx_clk                            | ethernet_test_inst/mac_test0/mac_top0/mac_rx0/udp0/checksum_tmp5[31]_i_1_n_0                                                                           | ethernet_test_inst/arbi_inst/e_rst_en_reg_0                                                                                                                              |                8 |             32 |
|  RGMII2GMII_inst/gmii_tx_clk                            | ethernet_test_inst/mac_test0/mac_top0/mac_tx0/mac0/E[0]                                                                                                | ethernet_test_inst/arbi_inst/e_rst_en_reg_0                                                                                                                              |                7 |             32 |
|  RGMII2GMII_inst/gmii_tx_clk                            | ethernet_test_inst/mac_test0/mac_top0/mac_tx0/mac0/E[0]                                                                                                | ethernet_test_inst/mac_test0/mac_top0/mac_tx0/mac0/AS[0]                                                                                                                 |                9 |             32 |
|  RGMII2GMII_inst/gmii_tx_clk                            | ethernet_test_inst/mac_test0/mac_top0/icmp0/reply_checksum_tmp                                                                                         | ethernet_test_inst/arbi_inst/e_rst_en_reg_0                                                                                                                              |               10 |             32 |
|  RGMII2GMII_inst/gmii_tx_clk                            | ethernet_test_inst/mac_test0/mac_top0/mac_tx0/udp0/checksum_tmp9[31]_i_1_n_0                                                                           | ethernet_test_inst/arbi_inst/e_rst_en_reg_0                                                                                                                              |               11 |             32 |
|  RGMII2GMII_inst/gmii_tx_clk                            | ethernet_test_inst/mac_test0/mac_top0/mac_tx0/udp0/check_out                                                                                           | ethernet_test_inst/arbi_inst/e_rst_en_reg_0                                                                                                                              |                5 |             32 |
|  RGMII2GMII_inst/gmii_tx_clk                            | ethernet_test_inst/mac_test0/mac_top0/mac_tx0/udp0/udp_total_data_length[15]_i_1_n_0                                                                   | ethernet_test_inst/arbi_inst/e_rst_en_reg_0                                                                                                                              |                9 |             32 |
|  RGMII2GMII_inst/gmii_tx_clk                            | ethernet_test_inst/mac_test0/mac_top0/mac_rx0/mac0/E[0]                                                                                                | ethernet_test_inst/arbi_inst/e_rst_en_reg_0                                                                                                                              |                8 |             32 |
|  RGMII2GMII_inst/gmii_tx_clk                            |                                                                                                                                                        |                                                                                                                                                                          |               14 |             33 |
|  RGMII2GMII_inst/gmii_tx_clk                            | ethernet_test_inst/mac_test0/mac_top0/icmp0/check_out                                                                                                  | ethernet_test_inst/arbi_inst/e_rst_en_reg_0                                                                                                                              |                8 |             34 |
|  RGMII2GMII_inst/gmii_tx_clk                            | ethernet_test_inst/mac_test0/mac_top0/mac_tx0/udp0/tx_data_fifo/U0/inst_fifo_gen/gconvfifo.rf/grf.rf/gntv_or_sync_fifo.gl0.wr/gwss.wsts/E[0]           | ethernet_test_inst/arbi_inst/e_rst_en_reg_0                                                                                                                              |               10 |             36 |
|  RGMII2GMII_inst/gmii_tx_clk                            | ethernet_test_inst/mac_test0/mac_top0/mac_rx0/arp0/arp_found_reg_1                                                                                     | ethernet_test_inst/arbi_inst/e_rst_en_reg_0                                                                                                                              |               19 |             80 |
|  RGMII2GMII_inst/gmii_tx_clk                            | ethernet_test_inst/mac_test0/mac_top0/mac_tx0/arp_tx0/arp_tx_ready0                                                                                    | ethernet_test_inst/arbi_inst/e_rst_en_reg_0                                                                                                                              |               19 |             80 |
|  clk_gen_inst/inst/clk_out1                             |                                                                                                                                                        | G_RESET_IBUF                                                                                                                                                             |               21 |             81 |
|  RGMII2GMII_inst/gmii_tx_clk                            | ethernet_test_inst/mac_test0/mac_top0/mac_rx0/udp0/checksum_tmp1[16]_i_1__0_n_0                                                                        | ethernet_test_inst/arbi_inst/e_rst_en_reg_0                                                                                                                              |               31 |             88 |
|  RGMII2GMII_inst/gmii_tx_clk                            | ethernet_test_inst/mac_test0/mac_top0/mac_tx0/udp0/checksum_tmp2[16]_i_1_n_0                                                                           | ethernet_test_inst/arbi_inst/e_rst_en_reg_0                                                                                                                              |               18 |             92 |
|  RGMII2GMII_inst/gmii_tx_clk                            | ethernet_test_inst/mac_test0/mac_top0/mac_tx0/ip0/checksum_tmp2[4]_i_1_n_0                                                                             | ethernet_test_inst/arbi_inst/e_rst_en_reg_0                                                                                                                              |               25 |            128 |
|  RGMII2GMII_inst/gmii_tx_clk                            |                                                                                                                                                        | ethernet_test_inst/arbi_inst/e_rst_en_reg_0                                                                                                                              |              344 |           1154 |
+---------------------------------------------------------+--------------------------------------------------------------------------------------------------------------------------------------------------------+--------------------------------------------------------------------------------------------------------------------------------------------------------------------------+------------------+----------------+


